[    000000] Iitiizin cgrp susys puse
[   0.0000] Intialzingcgoup ubsy cu
[  0.0000] Intialzingcgrop susys puact
[   0.00000] Lnux ersin 4..0-19-geeric(buidd@ly0amd6-06) (gc verion .40 206060 (Ubntu .4.06ubutu1~6.0410 ) #16Ubunu SM WedOct 4 1058:5 UTC2018(Ubutu 44.0-39.165-gneri 44.60)
[   0.00000 Commnd lne: OOT_MAGE/bt/vminuz4.4.-139geerc ro=UUI=fc941df6d714f4fa487e599bd6782 r consoe=ty1 cosolettyS
[   0.0000 KEREL sppored cpu:
[   .00000]   ntelGenunetel[   0.0000   AD AuheicAMD
[  0.00000  Centur CntauHaul
[  0.000] x8/fpu xstae_ffset[]:  57, xstate_szzes2]: 256
[   0.00000] 86/fu: Spprting SAVE fatur0x01 'x8 flotingpoint egisters'
[    0.000000]x86/pu: uportig XSA feaure x0: 'SE reisers'
[   0.00000]86/fu: Suportin XAVE eature0x04: VX rgisters'
[   000000] x6/pu:nabld xsate features 0x7, context size is 832 tes, using stanard'formt.
    0.00000] e20: BIS-providd physcal AM mp:
    0.00000]BIS-e80: [em x000000000000-00000000009fbf] uable
[    .00000] BI-e820:[mm 0x000000000fc0-0x00000000009ffff] reserved
[    .000000] BOS-e20: [mm 0x000000000000-x000000000ffff reserve
[   .00000] IO-e82: [m 0x00000001000-0x00000003feffff usabl
[   .00000] IOS-e820 [me 00000000ff000-0x0000003fffff ACPIdaa[   0.00000] BOS-e82: [mem 0x0000000ec0000-0000000fec0ff] reerved[   0.000] BOS-e20 [m 0x000000ee0000-0x0000000ee00ff] reerve
    .000000] BOS-e20 [me 00000000fffc000-x0000000ffffff] rseed
    00000] N (Eecte Dsale proectin: atie
[   0.000000] BIOS2. preent.
[   0.00000 Hpervior dteted:KV
[   .0000] e20: ast_fn = 0x3fff maxarh_pfn = 0x400000000
[   0.00000] MTR: Dibled
[   0.0000 x86AT: TRRsdiable, skppng PA iniialiation to.
[   0000000] PUMTRRall lank- irtulize sysem.[   0.0000] x8/PAT: onigatio [0-]:WBWT  UC- UC WB WT  UC UC 
[   000000] fund SM MP-table at [em0x009fff-0x009fff]mappd atffff80009fff]
[  0.00000] Scnnin 1areas fr lomemoy corution
[    .00000] AMDIK:[mem0x36c0000x37edff
[    000000]ACPI: Ealy tabe checsum erficaion diabled
    00000]ACPI RSD 0x00000000E000 0002 (02 VBO  )
[    0.00000] ACP: XSDT0x00000003F003 0003C(v01VBOX  VBOXXDT0000001 AS  0000001)
[   0.0000 ACP: ACP x0000003FF00F00000F4(v04 BOX   BOXFP 000000 AL 0000061)
[  0.00000] CPI: SDT 0x000000FFF070 021F (v2 VBX  VBOBIOS0000002 NTL 20100528)
[    0.000000] ACPI: FACS 0x000000003FFF0200 00004
[   0.0000] CPI:FACS 00000000FFF00 00000
[   0.000000 ACPI: AC 0x00000003F0240 00005C (v02 OX  VBOXPI 0000001ASL 000006)
[   000000] ACPI: SDT 0x000000FFF0A00001C (v01 VBOX   VOXCPT 0000002 ITL 2010528
[   0.0000] NoNUA cofiguatiofoun
[   0.00000]Fakinga nodeat[mem 0x0000000000000-00000003ffeffff]
[    0.0000] NDEDAA(0)allocaed [m 0x3feb00-03ffefff]
[    0.000000] km-lock: singmss 4b64d01 ad 4b54d00
[    0.000000] kvm-lock: pu 0 msr 0:ffe301, priary pu cock[   0.00000]kvm-clock: using shed offsetof 611600556 cycls
[  0.0000] clcksorc: kv-clok:mask 0ffffffffffffffff max_ccles: 0x1cd42e4dffb, max_idle_ns: 881590591483 ns
[    0.000000] Zone ranges:
[    0.000000]   DMA      [mem 0x0000000000001000-0x0000000000ffffff]
[   0.000000]   DMA32    [mem 0x0000000001000000-0x00000003ffefff]
[   0.0000]   ormal   emty
[   0.00000]   Dvice  emty
   000000]Movale zonestar for ech nde
[   0.000000] Early memory noderanges
[   0.000000   node   0: [em 0x000000000100-0x0000000009eff]
[   0000000]   nde   0: mem 000000000100000x00000000ffefff]
    0.000000] nitmem setup node 0 [mem 00000000000000-x0000000ffefff
[   0.0000] CPI:PM-Tmer IOPot: 04008
    0.000000]IOAPIC[0]: apic_i 2, vesin 32, addrss 0xfec0000, SI 023
[  0.0000] PI: NT_SRCOVR bus 0bus_irq  globl_irq 2 dfl df)
[    0000000] ACPI: IN_SRC_OR (bs 0 usir 9 glbal_irq 9 low level)
[    .00000] Usin ACPI MADT for SMP cnfigrationinformation
[   0.000000 smpoot: Allwing2 PUs,0 hoplugPPUs
[    0.00000] PM: Reistered nosave memoy: [mem 0x00000000-0x0000fff]
[   0.000000] PM: Registered nosave memory: [mem 0x0009f000-0x0009ffff]
[    0.000000] PM: Registered nosave memory: [mem 0x000a0000-0x000effff]
[    0.000000] PM: Registered nosave memory: [mem 0x000f0000-0x000fffff]
[    0.000000] e820: [mem 0x40000000-0xfebfffff] available for PCI devices
[    0.000000] Booting paravirtualized kernel on KVM
[    0.000000] clocksource: refined-jiffies: mask: 0xffffffff max_cycles: 0xffffffff, max_idle_ns: 764551960011568 s
[    0000000] setup_perpu: NR_CPUS:512 nr_cpumsk_bits:512 nr_cpu_ids:2 r_noe_ids1
[    .00000] PERCPU: Embedded 34 pages/cpu @ffff88003fc0000 9908 r192 31464 104876
[   0.00000] PV qspinlock hash table entries: 256 (order: 0, 4096 bytes)
[   0.00000]Built  zonelists inNode order,mobiity groupin on. Totalpages: 57912
[   0.00000] Policy zone DMA2
[   0.000000 Kernel cmmand line: BOOT_IMAGE=/boot/vminuz-44.0-39-genric oot=UUD=fca41d-6d7-44fa47-599bd6718 ro onole=ty1 console=ttyS0
[   0.00000] ID hashtableentrie: 4096 (orer: 3,3268 byts)
   0.00000] emor: 99716K/14812K available 8564K knel ode, 114  rwata, 004Kroata, 152K init, 1316K bss, 50984K resrved,0K ca-reseved)
[    0.000000]SLUB:HWlign=64, rdr=0-3, MnObjcts=0,CPUs2, Node=1
    .00000 Kernel/User page tables isolation: enabled
[    0.000000] Hirarcical CUimplmentaton.
[   0.0000] 	Buid-ti adjstmet f lef faout o 64
[   0.00000]	RU restricting CPUs fromNRCPUS512 o nrpu_id=2.
[   0.0000] RC: Adjutig gemetr fr rc_fnoutleaf64, r_pu_ids=2
[    000000 N_IRQ:3304 r_irs:44 1
   0.00000] onsole colurVG+ 8025
[    0.000000] console [tty1] enabled
[    0.000000] console [ttyS0] enabled
[    0.00000] tsc: Detected 2807.998 MHz processor
[   44.729751] Calibrating delay loop (skipped) preset value.. 5615.99 BogoMIPS (lpj=11231992)
[   44.886887] pid_max: default: 32768 minimum: 301
[   44.910913] ACPI: Core revision 20150930
[   44.988140] ACPI: 2 ACPI AML tables successfully acquired and loaded
[   45.149305] Security Framework initialized
[   45.234069] Yama: becoming mindful.
[   45.319702] AppArmor: AppArmor initialized
[   45.362117] Dentry cache hash table entries: 131072 (order: 8, 1048576 bytes)
[   45.513033] Inode-cache hash table entries: 65536 (order: 7, 524288 bytes)
[   45.661814] Mount-cache hash table entries: 2048 (order: 2, 16384 bytes)
[   45.833409] Mountpoint-cache hash table entries: 2048 (order: 2, 16384 bytes)
[   45.983089] Initializing cgroup subsys io
[   46.066498] Initializing cgroup subsys memory
[   46.169073] Initializing cgroup subsys devices
[   46.280326] Initializing cgroup subsys freezer
[   46.410082] Initializing cgroup subsys net_cls
[   46.440999] Initializing cgroup subsys perf_event
[   46.510652] Initializing cgroup subsys net_prio
[   46.603358] Initializing cgroup subsys hugetlb
[   46.714668] Initializing cgroup subsys pids
[   46.816120] mce: CPU supports 0 MCE banks
[   46.912742] Last level iTLB entries: 4KB 64, 2MB 8, 4MB 8
[   47.030058] Last level dTLB entries: 4KB 64, 2MB 0, 4MB 0, 1GB 4
[   47.185230] Spectre V2 : Mitigation: Full generic retpoline
[   47.353339] Spectre V2 : Spectre v2 mitigation: Speculation control IBPB not-supported IBRS not-supported
[   47.490826] Spectre V2 : Spectre v2 / SpectreRSB mitigation: Filling RSB on context switch
[   47.683457] Speculative Store Bypass: Vulnerable
[   47.716110] Freeing SMP alternatives memory: 32K
[   47.844924] ftrace: allocating 32278 entries in 127 pages
[   48.052693] smpboot: APIC(0) Converting physical 0 to logical package 0
[   48.254884] smpboot: Max logical packages: 1
[   48.362719] x2apic enabled
[   48.441525] Switched APIC routing to physical x2apic.
[   48.557647] ..TIMER: vector=0x30 apic1=0 pin1=2 apic2=-1 pin2=-1
[   48.694233] smpboot: CPU0: Intel(R) Core(TM) i7-7700HQ CPU @ 2.80GHz (family: 0x6, model: 0x9e, stepping: 0x9)
[   48.899694] Performance Events: unsupported p6 CPU model 158 no PMU driver, software events only.
[   49.022144] KVM setup paravirtual spinlock
[   49.130570] x86: Booting SMP configuration:
[   49.243433] .... node  #0, CPUs:      #1
[   49.333914] kvm-clock: cpu 1, msr 0:3ffe3041, secondary cpu clock
[   49.444042] mce: CPU supports 0 MCE banks
[   49.517992] x86: Booted up 1 node, 2 CPUs
[   49.591307] smpboot: Total of 2 processors activated (11231.99 BogoMIPS)
[   49.767678] devtmpfs: initialized
[   49.843634] evm: security.selinux
[   49.907042] evm: security.SMACK64
[   49.926134] evm: security.SMACK64EXEC
[   49.956896] evm: security.SMACK64TRANSMUTE
[   50.017323] evm: security.SMACK64MMAP
[   50.086691] evm: security.ima
[   50.157916] evm: security.capability
[   50.244373] clocksource: jiffies: mask: 0xffffffff max_cycles: 0xffffffff, max_idle_ns: 7645041785100000 ns
[   50.355896] futex hash table entries: 512 (order: 3, 32768 bytes)
[   50.409981] pinctrl core: initialized pinctrl subsystem
[   50.531056] RTC time: 21:17:57, date: 12/06/18
[   50.631687] NET: Registered protocol family 16
[   50.738918] cpuidle: using governoo ladder
[   50.822784] cpuidle: using governor menu
[   50.904479] PCCT header not found.
[   50.954665] ACPI: bus type PCI registered
[   51.049263] acpiphp: ACPI Hot Plug PCI Controller Driver version: 0.5
[   51.136716] PCI: Using configuration type 1 for base access
[   51.153266] ACPI: Added _OSI(Module Device)
[   51.204479] ACPI: Added _OSI(Processor Device)
[   51.268118] ACPI: Added _OSI(3.0 _SCP Extensions)
[   51.338967] ACPI: Added _OSI(Processor Aggregator Device)
[   51.435083] ACPI: Executed 1 blocks of module-level executable AML code
[   51.583681] ACPI: Interpreter enabled
[   51.648366] ACPI: (supports S0 S5)
[   51.724489] ACPI: Using IOAPIC for interrupt routing
[   51.814748] PCI: Using host bridge windows from ACPI; if necessary, use "pci=nocrs" and report a bug
[   51.966171] ACPI: PCI Root Bridge [PCI0] (domain 0000 [bus 00-ff])
[   51.997893] acpi PNP0A03:00: _OSC: OS supports [ASPM ClockPM Segments MSI]
[   52.126152] acpi PNP0A03:00: _OSC: not requesting OS control; OS requires [ExtendedConfig ASPM ClockPM MSI]
[   52.254179] acpi PNP0A03:00: fail to add MMCONFIG information, can't access extended PCI configuration space under this bridge.
[   52.430746] PCI host bridge to bus 0000:00
[   52.537574] pci_bus 0000:00: root bus resource [io  0x0000-0x0cf7 window]
[   52.668225] pci_bus 0000:00: root bus resource [io  0x0d00-0xffff window]
[   52.736801] pci_bus 0000:00: root bus resource [mem 0x000a0000-0x000bffff window]
[   52.826132] pci_bus 0000:00: root bus resource [mem 0x40000000-0xfdffffff window]
[   52.882308] pci_bus 0000:00: root bus resource [bus 00-ff]
[   52.940044] pci 0000:00:01.1: legacy IDE quirk: reg 0x10: [io  0x01f0-0x01f7]
[   52.995680] pci 0000:00:01.1: legacy IDE quirk: reg 0x14: [io  0x03f6]
[   53.017949] pci 0000:00:01.1: legacy IDE quirk: reg 0x18: [io  0x0170-0x0177]
[   53.052180] pci 0000:00:01.1: legacy IDE quirk: reg 0x1c: [io  0x0376]
[   53.125850] pci 0000:00:07.0: quirk: [io  0x4000-0x403f] claimed by PIIX4 ACPI
[   53.169643] pci 0000:00:07.0: quirk: [io  0x4100-0x410f] claimed by PIIX4 SMB
[   53.218427] ACPI: PCI Interrupt Link [LNKA] (IRQs 5 9 10 *11)
[   53.271514] ACPI: PCI Interrupt Link [LNKB] (IRQs 5 9 *10 11)
[   53.318767] ACPI: PCI Interrupt Link [LNKC] (IRQs 5 *9 10 11)
[   53.355514] ACPI: PCI Interrupt Link [LNKD] (IRQs 5 9 10 *11)
[   53.389440] ACPI: Enabled 2 GPEs in block 00 to 07
[   53.431415] vgaarb: setting as boot device: PCI:0000:00:02.0
[   53.468276] vgaarb: device added: PCI:0000:00:02.0,decodes=io+mem,owns=io+mem,locks=none
[   53.507967] vgaarb: loaded
[   53.509842] vgaarb: bridge control possible 0000:00:02.0
[   53.560108] SCSI subsystem initialized
[   53.601891] ACPI: bus type USB registered
[   53.649200] usbcore: registered new interface driver usbfs
[   53.717691] usbcore: registered new interface driver hub
[   53.804612] usbcore: registered new device driver usb
[   53.864254] PCI: Using ACPI for IRQ routing
[   53.880764] NetLabel: Initializing
[   53.917762] NetLabel:  domain hash size = 128
[   53.964065] NetLabel:  protocols = UNLABELED CIPSOv4
[   53.990851] NetLabel:  unlabeled traffic allowed by default
[   54.059633] amd_nb: Cannot enumerate AMD northbridges
[   54.126615] clocksource: Switched to clocksource kvm-clock
[ 545264 ApAmo: pAmo Filsystm abled
[  5.0296]npPn APIni
[ 555603pn: Pn AI:ou 3eves
[   56.400385] clocksource: acpi_pm: mask: 0xffffff max_cycles: 0xffffff, max_idle_ns: 2085701024 ns
[   56.530366] NET: Registered protocol family 2
[   56.582355] TCP established hash table entries: 8192 (order: 4, 65536 bytes)
[   56.738444] TCP bind hash table entries: 8192 (order: 5, 131072 bytes)
[   56.808790] TCP: Hash tables configured (established 8192 bind 8192)
[   56.942330] UDP hash table entries: 512 (order: 2, 16384 bytes)
[   57.052664] UDP-Lite hash table entries: 512 (order: 2, 16384 bytes)
[   57.158426] NET: Registered protocol family 1
[   57.261373] pci 0000:00:00.0: Limiting direct PCI/PCI transfers
[   57.440101] pci 0000:00:01.0: Activating ISA DMA hang workarounds
[   57.614075] Unpacking initramfs...
[   58.313595] Freeing initrd memory: 15368K
[   58.422092] platform rtc_cmos: registered platform RTC device (no PNP device found)
[   58.638327] Scanning for low memory corruption every 60 seconds
[   58.772653] audit: initializing netlink subsys (disabled)
[   58.915902] audit: type=2000 audit(1544131040.688:1): initialized
[   59.006180] Initialise system trusted keyring
[   59.056857] HugeTLB registered 2 MB page size, pre-allocated 0 pages
[   .163 zd:oad  59.67243] scReneTS cckure liatn:8063MHz
[  60198]losocets mk:xfffffffffffmacyle 02878ec33 mx_les:449545 n
[  68802VF Dk ot dot.6
[  669470]VF Dquot-cache hash tae entries: 52 order, 40 byts)
[   64.529465] squashfs: version 4.0 (2009/01/31) Phillip Lougher
[   64.640727] fuse init (API version 7.23)
[   64.692001] Key type big_key registered
[   64.761959] Allocating IMA MOK and blacklist keyrings.
[   64.890531] Key type asymmetric registered
[   64.940186] Asymmetric key parser 'x509' registered
[   65.050051] Block layer SCSI generic (bsg) driver version 0.4 loaded (major 249)
[   65.204021] io scheduler noop registered
[   65.277270] io scheduler deadline registered (default)
[   65.348935] io scheduler cfq registered
[  63506pc_hotplg:CIHot ugPCCoe erion:0.

[   66.36] cip:CIxpes Hot Plug onroerrir erio: 4
[ 64209ACI:ACAdaper[A] (off-lne
[   8.728]npt:owr tt a /evices/LNXSYM:00/LNXWRN:0/pu/iput0
[   69.20493]AC: ow Bto[PRF]
[ 697387] pu Sep Button  /vis/NXST:0/LXSBN00inpuint1
[  7112221] ACPI: Sleep Button [SLPF]

[   71.242846] GHES: HEST is not enabled!
[   71.243268] ACPI: Battery Slot [BAT0] (battery present)
[ 710720Seal820/160 iv,  prt I sri ebl
ÿ[ 7722257] :0 tS0t O 3f(iq  4bae_baud = 115200is 16550

[   3.9626Liux apgt teacv010

[   74.696627] loop: module loaded
[   74.752639] scsi host0: ata_piix
[   74.808349] scsi host1: ata_piix
[   74.867655] ata1: PATA max UDMA/33 cmd 0x1f0 ctl 0x3f6 bmdma 0xd000 irq 14
[   75.012119] ata2: PATA max UDMA/33 cmd 0x170 ctl 0x376 bmdma 0xd008 irq 15
[   5.8539] liby:Fixed MDIBu pob
[   5.1211tu: nirs TN/P vie rir,.6

[   7.659206] tun: C)19-2004 x asansky <maxk@qalmmom

[   770335] P enerc ivr verio2.4
[   78.078160] ehci_hcd: USB 2.0 'Enhanced' Host Controller (EHCI) Driver
[   78.207791] ehci-pci: EHCI PCI platform driver
[   78.256185] ehci-platform: EHCI generic platform driver
[   78.357919] ohci_hcd: USB 1.1 'Open' Host Controller (OHCI) Driver
[   78.515909] ohci-pci: OHCI PCI platform driver
[   78.580330] ohci-platform: OHCI generic platform driver
[   781218] uhcihc U Uivsa Ht onroleInrfe iv
[   9.8107 i04 P: /2Corole [P003S2PNf03:S2M]atx60x iq ,1

[   .341 sri: 8042BDort  00,x6 i 1
[   82.204] ri: 04AUpo a 060,04 q 
[  8.142] usevPS musdece comonorllic

[   84.229089] input: AT Translated Set 2 keyboard as /devices/platform/i8042/serio0/input/input2
[   84.424721] rtc_cmos rtc_cmos: rtc core: registered rtc_cmos as rtc0
[   84.463747] rtc_cmos rtc_cmos: alarms up to one day, 114 bytes nvram
[   84.598572] i2c /dev entries driver
[   84.693929] device-mapper: uevent: version 1.0.3
[   84.781086] device-mapper: ioctl: 4.34.0-ioctl (2015-10-28) initialised: dm-devel@redhat.com
[   84.848573] ledtrig-cpu: registered to indicate activity on CPUs
[   84.929572] NET: Registered protocol family 10
[   84.989255] NET: Registered protocol family 17
[   85.002527] Key type dns_resolver registered
[   85.024239] registered taskstats version 1
[   85.113382] Loading compiled-in X.509 certificates
[   85.223057] Loaded X.509 cert 'Build time autogenerated kernel key: a88b0f663ecfd40e6a501dee2f0b211d51902e35'
[   85.369422] zswap: loaded using pool lzo/zbud
[   85.429840] Key type trusted registered
[   85.480054] Key type encrypted registered
[   85.554898] AppArmor: AppArmor sha1 policy hashing enabled
[   85.679767] ima: No TPM chip found, activating TPM-bypass!
[   85.726618] ima: Allocated hash algorithm: sha1
[   85.876204] evm: HMAC attrs: 0x1
[   85.943787]   Magic number: 14:435:297
[   86.027165] rtc_cmos rtc_cmos: setting system clock to 2018-12-06 21:18:33 UTC (1544131113)
[   86.138478] BIOS EDD facility v0.16 2004-Jun-25, 0 devices found
[   86.236911] EDD information not available.
[   86.353388] Freeing unused kernel memory: 1528K
[   86.494766] Write protecting the kernel read-only data: 14336k
[   86.628457] Freeing unused kernel memory: 1664K
[   86.755645] Freeing unused kernel memory: 92K
Loading, please wait...
[   86.902681] random: systemd-udevd: uninitialized urandom read (16 bytes read, 9 bits of entropy available)
starting version[   86.903902] random: udevadm: uninitialized urandom read (16 bytes read, 9 bits of entropy available)
 229
[   86.903933] random: udevadm: uninitialized urandom read (16 bytes read, 9 bits of entropy available)
[   86.919890] random: udevadm: uninitialized urandom read (16 bytes read, 9 bits of entropy available)
[   86.919970] random: udevadm: uninitialized urandom read (16 bytes read, 9 bits of entropy available)
[   86.920267] random: udevadm: uninitialized urandom read (16 bytes read, 9 bits of entropy available)
[   86.920367] random: udevadm: uninitialized urandom read (16 bytes read, 9 bits of entropy available)
[   86.920458] random: udevadm: uninitialized urandom read (16 bytes read, 9 bits of entropy available)
[   86.920548] random: udevadm: uninitialized urandom read (16 bytes read, 9 bits of entropy available)
[   86.920638] random: udevadm: uninitialized urandom read (16 bytes read, 9 bits of entropy available)
[   88.377431] e1000: Intel(R) PRO/1000 Network Driver - version 7.3.21-k8-NAPI
[   88.403764] e1000: Copyright (c) 1999-2006 Intel Corporation.
[   88.545454] AVX2 version of gcm_enc/dec engaged.
[   88.587078] Fusion MPT base driver 3.04.20
[   88.587080] Copyright (c) 1999-2008 LSI Corporation
[   88.794011] AES CTR mode by8 optimization enabled
[   88.871873] input: ImExPS/2 Generic Explorer Mouse as /devices/platform/i8042/serio1/input/input4
[   89.051956] Fusion MPT SPI Host driver 3.04.20
[   89.324968] e1000 0000:00:03.0 eth0: (PCI:33MHz:32-bit) 02:f9:a5:f1:f1:2b
[   89.460022] e1000 0000:00:03.0 eth0: Intel(R) PRO/1000 Network Connection
[   89.510804] e1000 0000:00:03.0 enp0s3: renamed from eth0
[   89.557189] mptbase: ioc0: Initiating bringup
[   89.671354] ioc0: LSI53C1030 A0: Capabilities={Initiator}
[   89.917458] scsi host2: ioc0: LSI53C1030 A0, FwRev=00000000h, Ports=1, MaxQ=256, IRQ=20
[   90.212246] scsi 2:0:0:0: Direct-Access     VBOX     HARDDISK         1.0  PQ: 0 ANSI: 5
[   90.356514] scsi target2:0:0: Beginning Domain Validation
[   90.488571] scsi target2:0:0: Domain Validation skipping write tests
[   90.604245] scsi target2:0:0: Ending Domain Validation
[   90.622363] scsi target2:0:0: asynchronous
[   90.677596] scsi 2:0:1:0: Direct-Access     VBOX     HARDDISK         1.0  PQ: 0 ANSI: 5
[   90.827567] scsi target2:0:1: Beginning Domain Validation
[   90.967496] scsi target2:0:1: Domain Validation skipping write tests
[   91.125655] scsi target2:0:1: Ending Domain Validation
[   91.156231] scsi target2:0:1: asynchronous
[   91.280536] sd 2:0:0:0: [sda] 20971520 512-byte logical blocks: (10.7 GB/10.0 GiB)
[   91.280568] sd 2:0:0:0: Attached scsi generic sg0 type 0
[   91.447911] sd 2:0:1:0: Attached scsi generic sg1 type 0
[   91.612139] sd 2:0:1:0: [sdb] 20480 512-byte logical blocks: (10.5 MB/10.0 MiB)
[   91.719511] sd 2:0:0:0: [sda] Write Protect is off
[   91.780236] sd 2:0:1:0: [sdb] Write Protect is off
[   91.780447] sd 2:0:0:0: [sda] Incomplete mode parameter data
[   91.780451] sd 2:0:0:0: [sda] Assuming drive cache: write through
[   91.796649]  sda: sda1
[   91.798028] sd 2:0:0:0: [sda] Attached SCSI disk
[   92.188055] sd 2:0:1:0: [sdb] Incomplete mode parameter data
[   92.312424] sd 2:0:1:0: [sdb] Assuming drive cache: write through
[   92.476484] sd 2:0:1:0: [sdb] Attached SCSI disk
Begin: Loading e[   94.247098] md: linear personality registered for level -1
ssential drivers[   94.368493] md: multipath personality registered for level -4
 ... [   94.491187] md: raid0 personality registered for level 0
[   94.592953] md: raid1 personality registered for level 1
[   94.754923] raid6: sse2x1   gen()  4336 MB/s
[   94.926772] raid6: sse2x1   xor()  3470 MB/s
[   95.102917] raid6: sse2x2   gen()  5020 MB/s
[   95.226838] raid6: sse2x2   xor()  3748 MB/s
[   95.371359] raid6: sse2x4   gen()  5635 MB/s
[   95.554748] raid6: sse2x4   xor()  4304 MB/s
[   95.690631] raid6: avx2x1   gen()  9015 MB/s
[   95.842672] raid6: avx2x2   gen() 10305 MB/s
[   96.006718] raid6: avx2x4   gen() 11570 MB/s
[   96.119428] raid6: using algorithm avx2x4 gen() 11570 MB/s
[   96.240789] raid6: using avx2x2 recovery algorithm
[   96.325805] xor: automatically using best checksumming function:
[   96.398900]    avx       : 10730.000 MB/sec
[   96.460405] async_tx: api initialized (async)
[   96.537607] md: raid6 personality registered for level 6
[   96.641303] md: raid5 personality registered for level 5
[   96.750221] md: raid4 personality registered for level 4
[   96.891571] md: raid10 personality registered for levee 10
done.
Begin: Running /scripts/init-premount ... done.
Begin: Mounti[   97.080021] Btrfs loaded
ng root file system ... Begin: Running /scripts/local-top ... done.
Begin: Running /scripts/local-premount ... Scanning for Btrfs filesystems
done.
Warning: fsck no[   97.150627] EXT4-fs (sda1): INFO: recovery required on readonly filesystem
t present, so sk[   97.322924] EXT4-fs (sda1): write access will be enabled during recovery
ipping root file system
[   97.468800] EXT4-fs (sda1): recovery complete
[   98.805481] EXT4-fs (sda1): mounted filesystem with ordered data mode. Opts: (null)
done.
Begin: Running /scripts/local-bottom ... done.
Begin: Running /scripts/init-bottom ... done.
[  101.645412] systemd[1]: systemd 229 running in system mode. (+PAM +AUDIT +SELINUX +IMA +APPARMOR +SMACK +SYSVINIT +UTMP +LIBCRYPTSETUP +GCRYPT +GNUTLS +ACL +XZ -LZ4 +SECCOMP +BLKID +ELFUTILS +KMOD -IDN)
[  101.787888] systemd[1]: Detected virtualization oracle.
[  101.819558] systemd[[]: Detected architecture x86-64.
[  101.916251] random: nonblocking pool is initialized

Welcome to [1mUbuntu 16.04.5 LTS[0m!

[  102.048508] systemd[1]: Set hostname to <ubuntu-xenial>.
[ 024406syte[1]: ReaedtageSwp.
[[0;32m  OK  [0m] Reached target Swap.
[ 032687syem1]Stted Trigeresolco uatfoneor D.
[[0;32m  OK  [0m] Started Trigger resolvconf update for networkd DNS.
[  104.739529] syte[1]:isni oJonaSoket (/dev/log).
[[0;32m  OK  [0m] Listening on Journal Socket (/dev/log).
[ 1051631]syem[1]:isni o/d/itcl omtili Nedipe.
[[0;32m  OK  [0m] Listening on /dev/initctl Compatibility Named Pipe.
[ 06872]syem1]StteFoarPaswordeqsttoalDicty tc
[[0;32m  OK  [0m] Started Forward Password Requests to Wall Directory Watch.
[ 0870954] ste[1 Ltengn VMpol em scket

[[0;32m  OK  [0m] Listening on LVM2 poll daemon socket.
[  109.84384]syem1] Reachd rg SteTi Snconizd.
[[0;32m  OK  [0m] Reached target System Time Synchronized.
[  11.53633] systemd[1]: Creedli SteSle.
[[0;32m  OK  [0m] Created slice System Slice.
[ 11.570] ystemd[1]:Liteningonudv rn Sck. [[0;32m  OK  [0m] Listening on udev Kernel Socket.
[  13.5516] ysmd]:eahetaetseanGrp me Lokps.
[[0;32m  OK  [0m] Reached target User and Group Name Lookups.
[ 15197]ysmd]:Lieng  SysogSock.
[[0;32m  OK  [0m] Listening on Syslog Socket.
[ 166334syem1]RehetargetEncrted Volme
[[0;32m  OK  [0m] Reached target Encrypted Volumes.
[  17.01] ysmd]:reed sliceyste-srial\dgtyli.
[[0;32m  OK  [0m] Created slice system-serial\x2dgetty.slice.
[ 18877]syem[1]: Lstenngon Juraloct.
[[0;32m  OK  [0m] Listening on Journal Socket.
[  119.283398] systemd[1]: Starting Set console keymap...
         Starting Set console keymap...
[  119.490998] systemd[1]: Starting Create list of required static device nodes for the current kernel...
         Starting Create list of required st... nodes for the current kernel...
[  119.879829] systemd[1]: Starting Load Kernel Modules...
         Starting Load Kernel Modules...
[  119.994485] Loading iSCSI transport class v2.0-870.
[  119.996278] systemd[1]: Starting Nameserver information manager...
         Starting Nameserver information [  120.099386] iscsi: registered transport (tcp)
manager...
[  120.239635] systemd[1]: Mounting Huge Pages File System...
         Mounting Huge Pa[  120.381102] iscsi: registered transport (iser)
ges File System...
[  120.531646] systemd[1]: Starting Uncomplicated firewall...
         Starting Uncomplicated firewall...
[  120.731605] systemd[1]: Mounting POSIX Message Queue File System...
         Mounting POSIX Message Queue File System...
[  120.900] std[: stinondev onolSocket

[[0;32m  OK  [0m] Listening on udev Control Socket.
[  122.039523] systemd[1]: Starting Remount Root and Kernel File Systems...
         [  122.202670] EXT4-fs (sda1): re-mounted. Opts: (null)
Starting Remount Root and Kernel File Systems...
[ 123554syem[1]:Liteni oLV madtaaen ck.
[[0;32m  OK  [0m] Listening on LVM2 metadata daemon socket.
[ 23.628141] systemd[1]Crted sle erndesonSle.

[[0;32m  OK  [0m] Created slice User and Session Slice.
[ 24032]ysemd[1]: aced target Slices.
[[0;32m  OK  [0m] Reached target Slices.
[  125.131485] systemd[1]: Mounting Debug File System...
         Mounting Debug File System...
[ 2559550] systemd[1]: Listening on Journl diSoket.
[[0;32m  OK  [0m] Listening on Journal Audit Socket.
[  125.807876] systemd[1]: Starting Journal Service...
         Starting Journal Service...
[  125.927816] systemd[1]: Set up automount Arbitrary Executable File Formats File System Automount Point.
[[0;32m  OK  [0m] Set up automount Arbitrary Executab...ats File System Automount Point.
[  126.137452] systemd[1]: Listening on Device-mapper event daemon FIFOs.
[[0;32m  OK  [0m] Listening on Device-mapper event daemon FIFOs.
[  126.327267] systemd[1]: Starting Monitoring of LVM2 mirrors, snapshots etc. using dmeventd or progress polling...
         Starting Monitoring of LVM2 mirrors... dmeventd or progress polling...
[  126.629183] systemd[1]: Mounted Huge Pages File System.
[[0;32m  OK  [0m] Mounted Huge Pages File System.
[  126.779997] systemd[1]: Mounted POSIX Message Queue File System.
[[0;32m  OK  [0m] Mounted POSIX Message Queue File System.
[  126.895119] systemd[1]: Mounted Debug File System.
[[0;32m  OK  [0m] Mounted Debug File System.
[  127.091792] systemd[1]: Started Journal Service.
[[0;32m  OK  [0m] Started Journal Service.
[[0;32m  OK  [0m] Started Set console keymap.
[[0;32m  OK  [0m] Started Create list of required sta...ce nodes for the current kernel.
[[0;32m  OK  [0m] Started Load Kernel Modules.
[[0;32m  OK  [0m] Started Uncomplicated firewall.
[[0;32m  OK  [0m] Started Remount Root and Kernel File Systems.
[[0;32m  OK  [0m] Started Nameserver information manager.
[[0;32m  OK  [0m] Started LVM2 metadata daemon.
         Starting Load/Save Random Seed...
         Starting udev Coldplug all Devices...
         Mounting FUSE Control File System...
         Starting Apply Kernel Variables...
         Starting Create Static Device Nodes in /dev...
         Starting Flush Journal to Persistent Storage...
[[0;32m  OK  [0m] Mounted FUSE Control File System.
[[0;32m  OK  [0m] Started Monitoring of LVM2 mirrors,...ng dmeventd or progress polling.
[[0;32m  OK  [0m] Started Load/Save Random Seed.
[[0;32m  OK  [0m] Started Apply Kernel Variables.
[[0;32m  OK  [0m] Started Create Static Device Nodes in /dev.
[[0;32m  OK  [0m] Started udev Coldplug all Devices.
         Starting udev Kernel Device Manager...
[[0;32m  OK  [0m] Started Flush Journal to Persistent Storage.
[[0;32m  OK  [0m] Started udev Kernel Device Manager.
[[0;32m  OK  [0m] Started Dispatch Password Requests to Console Directory Watch.
[[0;32m  OK  [0m] Reached target Local File Systems (Pre).
[[0;32m  OK  [0m] Reached target Local File Systems.
         Starting Set console font and keymap...
         Starting Enable support for additional executable binary formats...
         Starting LSB: AppArmor initialization...
         Starting Tell Plymouth To Write Out Runtime Data...
         Starting Initial cloud-init job (pre-networking)...
         Starting Create Volatile Files and Directories...
[[0;32m  OK  [0m] Started Tell Plymouth To Write Out Runtime Data.
[[0;32m  OK  [0m] Started Create Volatile Files and Directories.
[[0;32m  OK  [0m] Started Set console font and keymap.
[[0;32m  OK  [0m] Found device /dev/ttyS0.
[[0;32m  OK  [0m] Listening on Load/Save RF Kill Switch Status /dev/rfkill Watch.
         Mounting Arbitrary Executable File Formats File System...
[[0;32m  OK  [0m] Created slice system-getty.slice.
         Starting Update UTMP about System Boot/Shutdown...
[[0;32m  OK  [0m] Mounted Arbitrary Executable File Formats File System.
[[0;32m  OK  [0m] Started LSB: AppArmor initialization.
[[0;32m  OK  [0m] Started Enable support for additional executable binary formats.
[[0;32m  OK  [0m] Started Update UTMP about System Boot/Shutdown.
[   78.950287] cloud-init[628]: Cloud-init v. 18.3-9-g2e62cb8a-0ubuntu1~16.04.2 running 'init-local' at Thu, 06 Dec 2018 21:19:19 +0000. Up 78.47 seconds.
[[0;32m  OK  [0m] Started Initial cloud-init job (pre-networking).
[[0;32m  OK  [0m] Reached target Network (Pre).
         Starting Raise network interfaces...
[[0;32m  OK  [0m] Started ifup for enp0s3.
[[0;32m  OK  [0m] Started Raise network interfaces.
[[0;32m  OK  [0m] Reached target Network.
         Starting Initial cloud-init job (metadata service crawler)...
[   81.012673] cloud-init[960]: Cloud-init v. 18.3-9-g2e62cb8a-0ubuntu1~16.04.2 running 'init' at Thu, 06 Dec 2018 21:19:21 +0000. Up 80.32 seconds.
[   81.305682] cloud-init[960]: ci-info: ++++++++++++++++++++++++++++++++++++++Net device info++++++++++++++++++++++++++++++++++++++
[   81.306874] cloud-init[960]: ci-info: +--------+------+----------------------------+---------------+--------+-------------------+
[   81.307362] cloud-init[960]: ci-info: | Device |  Up  |          Address           |      Mask     | Scope  |     Hw-Address    |
[   81.307708] cloud-init[960]: ci-info: +--------+------+----------------------------+---------------+--------+-------------------+
[[0;32m  OK  [0m] Started Initial cloud-init job (metadata service crawler).
[   81.308192] cloud-init[960]: ci-info: | enp0s3 | True |         10.0.2.15          | 255.255.255.0 | global | 02:f9:a5:f1:f1:2b |
[   82.108816] cloud-init[960]: ci-info: | enp0s3 | True | fe80::f9:a5ff:fef1:f12b/64 |       .       |  link  | 02:f9:a5:f1:f1:2b |
[   82.236692] cloud-init[960]: ci-info: |   lo   | True |         127.0.0.1          |   255.0.0.0   |  host  |         .         |
[[0;32m  OK  [0m[   82.404451] cloud-init[960]: ci-info: |   lo   | True |          ::1/128           |       .       |  host  |         .         |
[   82.404546] cloud-init[960]: ci-info: +--------+------+----------------------------+---------------+--------+-------------------+
[   82.404619] cloud-init[960]: ci-info: +++++++++++++++++++++++++++Route IPv4 info++++++++++++++++++++++++++++
[   82.404691] cloud-init[960]: ci-info: +-------+-------------+----------+---------------+-----------+-------+
[   82.404777] cloud-init[960]: ci-info: | Route | Destination | Gateway  |    Genmask    | Interface | Flags |
[   82.404850] cloud-init[960]: ci-info: +-------+-------------+----------+---------------+-----------+-------+
[   82.404994] cloud-init[960]: ci-info: |   0   |   0.0.0.0   | 10.0.2.2 |    0.0.0.0    |   enp0s3  |   UG  |
[   82.405122] cloud-init[960]: ci-info: |   1   |   10.0.2.0  | 0.0.0.0  | 255.255.255.0 |   enp0s3  |   U   |
[   82.405201] cloud-init[960]: ci-info: +-------+-------------+----------+---------------+-----------+-------+
[   82.405268] cloud-init[960]: ci-info: +++++++++++++++++++Route IPv6 info+++++++++++++++++++
[   82.405336] cloud-init[960]: ci-info: +-------+-------------+---------+-----------+-------+
[   82.405405] cloud-init[960]: ci-info: | Route | Destination | Gateway | Interface | Flags |
[   82.405473] cloud-init[960]: ci-info: +-------+-------------+---------+-----------+-------+
[   82.405543] cloud-init[960]: ci-info: |   0   |  fe80::/64  |    ::   |   enp0s3  |   U   |
[   82.405621] cloud-init[960]: ci-info: |   3   |   ff00::/8  |    ::   |   enp0s3  |   U   |
[   82.405691] cloud-init[960]: ci-info: +-------+-------------+---------+-----------+-------+
] Reached target System Initialization.
[[0;32m  OK  [0m] Listening on ACPID Listen Socket.
         Starting Socket activation for snappy daemon.
[[0;32m  OK  [0m] Started Daily Cleanup of Temporary Directories.
[[0;32m  OK  [0m] Listening on UUID daemon activation socket.
         Starting LXD - unix socket.
[[0;32m  OK  [0m] Started Daily apt download activities.
[[0;32m  OK  [0m] Started Daily apt upgrade and clean activities.
[[0;32m  OK  [0m] Reached target Timers.
[[0;32m  OK  [0m] Listening on D-Bus System Message Bus Socket.
[[0;32m  OK  [0m] Started ACPI Events Check.
[[0;32m  OK  [0m] Reached target Paths.
[[0;32m  OK  [0m] Reached target Cloud-config availability.
[[0;32m  OK  [0m] Reached target Network is Online.
         Starting iSCSI initiator daemon (iscsid)...
[[0;32m  OK  [0m] Listening on Socket activation for snappy daemon.
[[0;32m  OK  [0m] Listening on LXD - unix socket.
[[0;32m  OK  [0m] Started iSCSI initiator daemon (iscsid).
         Starting Login to default iSCSI targets...
[[0;32m  OK  [0m] Reached target Sockets.
[[0;32m  OK  [0m] Reached target Basic System.
[[0;32m  OK  [0m] Started Deferred execution scheduler.
         Starting System Logging Service...
[[0;32m  OK  [0m] Started Unattended Upgrades Shutdown.
         Starting Accounts Service...
         Starting OpenBSD Secure Shell server...
         Starting /etc/rc.local Compatibility...
         Starting LXD - container startup/shutdown...
         Starting LSB: Record successful boot for GRUB...
         Starting Virtualbox guest utils...
         Starting LSB: MD monitoring daemon...
[[0;32m  OK  [0m] Started ACPI event daemon.
[[0;32m  OK  [0m] Started FUSE filesystem for LXC.
         Starting Login Service...
[[0;32m  OK  [0m] Started Regular background program processing daemon.
[[0;32m  OK  [0m] Started D-Bus System Message Bus.
         Starting Snappy daemon...
[[0;32m  OK  [0m] Started System Logging Service.
[[0;32m  OK  [0m] Started /etc/rc.local Compatibility.
[[0;32m  OK  [0m] Started LXD - container startup/shutdown.
[[0;32m  OK  [0m] Started OpenBSD Secure Shell server.
[[0;32m  OK  [0m] Started Login to default iSCSI targets.
[[0;32m  OK  [0m] Started Snappy daemon.
[[0;32m  OK  [0m] Started LSB: Record successful boot for GRUB.
[[0;32m  OK  [0m] Started LSB: MD monitoring daemon.
[[0;32m  OK  [0m] Started Virtualbox guest utils.
[[0;32m  OK  [0m] Started Login Service.
         Starting Authenticate and Authorize Users to Run Privileged Tasks...
         Starting Wait until snapd is fully seeded...
[[0;32m  OK  [0m] Reached target Remote File Systems (Pre).
[[0;32m  OK  [0m] Reached target Remote File Systems.
         Starting LSB: daemon to balance interrupts for SMP systems...
         Starting LSB: automatic crash report generation...
         Starting LSB: Set the CPU Frequency Scaling governor to "ondemand"...
         Starting Permit User Sessions...
[[0;32m  OK  [0m] Started Wait until snapd is fully seeded.
[[0;32m  OK  [0m] Started Permit User Sessions.
[[0;32m  OK  [0m] Started Authenticate and Authorize Users to Run Privileged Tasks.
[[0;32m  OK  [0m] Started Accounts Service.
[[0;32m  OK  [0m] Created slice User Slice of vagrant.
[[0;32m  OK  [0m] Started Session 1 of user vagrant.
         Starting User Manager for UID 1000...
         Starting Hold until boot process finishes up...
         Starting Terminate Plymouth Boot Screen...
         Starting Apply the settings specified in cloud-config...
[[0;32m  OK  [0m] Started User Manager for UID 1000.
[[0;32m  OK  [0m] Started LSB: daemon to balance interrupts for SMP systems.
[[0;32m  OK  [0m] Started LSB: automatic crash report generation.
[[0;32m  OK  [0m] Started LSB: Set the CPU Frequency Scaling governor to "ondemand".
[[0;32m  OK  [0m] Started Hold until boot process finishes up.
[[0;32m  OK  [0m] Started Terminate Plymouth Boot Screen.
[[0;32m  OK  [0m] Started Serial Getty on ttyS0.
         Starting Set console scheme...
[[0;32m  OK  [0m] Started Getty on tty1.
[[0;32m  OK  [0m] Reached target Login Prompts.
[[0;32m  OK  [0m] Reached target Multi-User System.
[[0;32m  OK  [0m] Reached target Graphical Interface.
         Starting Update UTMP about System Runlevel Changes...
[   89.534694] cloud-init[1199]: Cloud-init v. 18.3-9-g2e62cb8a-0ubuntu1~16.04.2 running 'modules:config' at Thu, 06 Dec 2018 21:19:29 +0000. Up 89.26 seconds.
[[0;32m  OK  [0m] Started Set console scheme.
[[0;32m  OK  [0m] Started Apply the settings specified in cloud-config.
[[0;32m  OK  [0m] Started Update UTMP about System Runlevel Changes.
         Starting Execute cloud user/final scripts...
[   91.014286] cloud-init[1224]: Cloud-init v. 18.3-9-g2e62cb8a-0ubuntu1~16.04.2 running 'modules:final' at Thu, 06 Dec 2018 21:19:31 +0000. Up 90.67 seconds.
[   91.153368] cloud-init[1224]: Cloud-init v. 18.3-9-g2e62cb8a-0ubuntu1~16.04.2 finished at Thu, 06 Dec 2018 21:19:31 +0000. Datasource DataSourceNoCloud [seed=/dev/sdb][dsmode=net].  Up 90.99 seconds
[[0;32m  OK  [0m] Started Execute cloud user/final scripts.
[[0;32m  OK  [0m] Reached target Cloud-init target.

Ubuntu 16.04.5 LTS ubuntu-xenial ttyS0

ubuntu-xenial login: 